[ta-studios.com/index.html]
[backblue.gif]
[fade.gif]
[index.html]
[ta-studios.com/oembed9f33.json]
[ta-studios.com/oembed9f33.xml]
[ta-studios.com/Assets/Image/Icons/logo-banner.png]
[ta-studios.com/Assets/Image/Icons/manifest.json]
[ta-studios.com/Assets/Image/Icons/apple-icon-57x57.png]
[ta-studios.com/Assets/Image/Icons/apple-icon-60x60.png]
[ta-studios.com/Assets/Image/Icons/apple-icon-72x72.png]
[ta-studios.com/Assets/Image/Icons/apple-icon-76x76.png]
[ta-studios.com/Assets/Image/Icons/apple-icon-114x114.png]
[ta-studios.com/Assets/Image/Icons/apple-icon-120x120.png]
[ta-studios.com/Assets/Image/Icons/apple-icon-144x144.png]
[ta-studios.com/Assets/Image/Icons/apple-icon-152x152.png]
[ta-studios.com/Assets/Image/Icons/apple-icon-180x180.png]
[ta-studios.com/Assets/Image/Icons/android-icon-192x192.png]
[ta-studios.com/Assets/Image/Icons/favicon-32x32.png]
[ta-studios.com/Assets/Image/Icons/favicon-96x96.png]
[ta-studios.com/Assets/Image/Icons/favicon-16x16.png]
[ta-studios.com/Assets/Style/mainbf5f.css]
[ta-studios.com/Assets/Code/home-iconsbf5f.js]
[ta-studios.com/cdn-cgi/content1647.html]
[ta-studios.com/Assets/Image/Icons/logo.png]
[ta-studios.com/wiki.html]
[ta-studios.com/canli-destek.html]
[ta-studios.com/sentanel.html]
[ta-studios.com/Assets/Image/Brands/Sentanel_Logo_Ikon.png]
[ta-studios.com/Assets/Image/Webp/hero-img.webp]
[ta-studios.com/legal/hizmet-sartlari.html]
[ta-studios.com/legal/gizlilik-politikasi.html]
[ta-studios.com/legal/yorum-politikasi.html]
[ta-studios.com/legal/geri-iade-politikasi.html]
[ta-studios.com/legal/canli-destek-kurallari.html]
[ta-studios.com/legal/mobil-ek.html]
[ta-studios.com/Assets/Image/Webp/trdn1.webp]
[ta-studios.com/Assets/Code/mainbf5f.js]
[ta-studios.com/Assets/Code/i18nbf5f.js]
[ta-studios.com/Assets/Code/lang-dropdownbf5f.js]
[ta-studios.com/Assets/Code/index-inita63d.js]
[ta-studios.com/index.html]
[ta-studios.com/cdn-cgi/challenge-platform/h/g/scripts/jsd/aae2b9a1c261/maind41d.js]
[ta-studios.com/Assets/Image/Brands/Google_Drive_icon.svg]
[ta-studios.com/Assets/Image/Flags/tr.svg]
[ta-studios.com/Assets/Style/mainbf5f.css]
[ta-studios.com/cdn-cgi/content1647.html]
[ta-studios.com/Assets/Image/Flags/us.svg]
[ta-studios.com/oembed53e1.json]
[ta-studios.com/oembed53e1.xml]
[ta-studios.com/Assets/Image/Icons/browserconfig.xml]
[cdn.jsdelivr.net/npm/iconify-icon@3.0.0/dist/iconify-icon.min.js]
[ta-studios.com/cdn-cgi/contentfac2.html]
[ta-studios.com/Assets/Code/subscription-badgebf5f.js]
[ta-studios.com/Assets/Code/local-lucide-iconsbf5f.js]
[ta-studios.com/Assets/Code/ugc-actionsbf5f.js]
[ta-studios.com/Assets/Code/wikibf5f.js]
[ta-studios.com/wiki.html]
[ta-studios.com/Assets/Code/wikiConfigbf5f.js]
[ta-studios.com/oembed2c43.json]
[ta-studios.com/oembed2c43.xml]
[ta-studios.com/Assets/Code/support3d36.js]
[ta-studios.com/cdn-cgi/content628f.html]
[ta-studios.com/Assets/Image/default-avatar.png]
[ta-studios.com/canli-destek.html]
[ta-studios.com/oembedee4a.json]
[ta-studios.com/oembedee4a.xml]
[ta-studios.com/Assets/Image/Brands/Sentanel_Banner.png]
[ta-studios.com/Assets/Image/Icons/favicon.ico]
[ta-studios.com/Assets/Code/sentanel3d36.js]
[ta-studios.com/cdn-cgi/content42a4.html]
[ta-studios.com/Assets/Image/Brands/Star.svg]
[ta-studios.com/Assets/Image/Brands/Star İkon.png]
[ta-studios.com/Assets/Image/Brands/Sunucu_Avantajları.png]
[ta-studios.com/Assets/Image/Brands/Destekçi.png]
[ta-studios.com/Assets/Image/Brands/Star Plus.svg]
[ta-studios.com/Assets/Image/Brands/Kişisel Rol.png]
[ta-studios.com/Assets/Image/Brands/Star Plus İkon.png]
[ta-studios.com/sentanel.html]
[ta-studios.com/cdn-cgi/content3bdc.html]
[ta-studios.com/legal/gizlilik-politikasi9ed2.html]
[ta-studios.com/legal/yorum-politikasi9ed2.html]
[ta-studios.com/legal/canli-destek-kurallari9ed2.html]
[ta-studios.com/legal/geri-iade-politikasi9ed2.html]
[ta-studios.com/canli-destek9ed2.html]
[ta-studios.com/cdn-cgi/l/email-protection]
[ta-studios.com/legal/mobil-ek9ed2.html]
[ta-studios.com/cdn-cgi/scripts/5c5dd728/cloudflare-static/email-decode.min.js]
[ta-studios.com/Assets/Code/legal-shellbf5f.js]
[ta-studios.com/legal/hizmet-sartlari.html]
[ta-studios.com/Assets/Code/legal-documentbf5f.js]
[ta-studios.com/cdn-cgi/contentf4c3.html]
[ta-studios.com/legal/gizlilik-politikasi.html]
[ta-studios.com/legal/hizmet-sartlari9ed2.html]
[ta-studios.com/legal/yorum-politikasi.html]
[ta-studios.com/cdn-cgi/content34cf.html]
[ta-studios.com/cdn-cgi/content1647-2.html]
[ta-studios.com/legal/geri-iade-politikasi.html]
[ta-studios.com/legal/canli-destek-kurallari.html]
[ta-studios.com/cdn-cgi/contentbd1b.html]
[ta-studios.com/legal/mobil-ek.html]
[ta-studios.com/Assets/Image/Brands/Google_Drive_icon.svg]
[ta-studios.com/Assets/Image/Flags/tr.svg]
[ta-studios.com/Assets/Image/Flags/us.svg]
[ta-studios.com/cdn-cgi/contentfac2.html]
[ta-studios.com/cdn-cgi/content628f.html]
[ta-studios.com/cdn-cgi/content42a4.html]
[ta-studios.com/Assets/Image/Brands/Star.svg]
[ta-studios.com/Assets/Image/Brands/Star Plus.svg]
[ta-studios.com/cdn-cgi/content3bdc.html]
[ta-studios.com/cdn-cgi/content0d09.html]
[ta-studios.com/legal/gizlilik-politikasi9ed2.html]
[ta-studios.com/cdn-cgi/contentb2eb.html]
[ta-studios.com/legal/yorum-politikasi9ed2.html]
[ta-studios.com/cdn-cgi/contente2fa.html]
[ta-studios.com/legal/canli-destek-kurallari9ed2.html]
[ta-studios.com/cdn-cgi/contentcb75.html]
[ta-studios.com/cdn-cgi/content0d47.html]
[ta-studios.com/legal/geri-iade-politikasi9ed2.html]
[ta-studios.com/cdn-cgi/contenta9cd.html]
[ta-studios.com/canli-destek9ed2.html]
[ta-studios.com/cdn-cgi/l/email-protection.html]
[ta-studios.com/legal/mobil-ek9ed2.html]
[ta-studios.com/cdn-cgi/contentf4c3.html]
[ta-studios.com/cdn-cgi/content1a79.html]
[ta-studios.com/cdn-cgi/contente9f9.html]
[ta-studios.com/legal/hizmet-sartlari9ed2.html]
[ta-studios.com/cdn-cgi/content34cf.html]
[ta-studios.com/cdn-cgi/content1647-2.html]
[ta-studios.com/cdn-cgi/contentbd1b.html]
[ta-studios.com/cdn-cgi/content0d09.html]
[ta-studios.com/cdn-cgi/contentb2eb.html]
[ta-studios.com/cdn-cgi/contente2fa.html]
[ta-studios.com/cdn-cgi/contentcb75.html]
[ta-studios.com/cdn-cgi/content0d47.html]
[ta-studios.com/cdn-cgi/contenta9cd.html]
[ta-studios.com/cdn-cgi/content1a79.html]
[ta-studios.com/cdn-cgi/contente9f9.html]
